<html>
<body>
<pre>
<h1>µVision Build Log</h1>
<h2>Project:</h2>
C:\Users\ADMIN\Desktop\vidu3\vidu3.uvproj
Project File Date:  09/22/2020

<h2>Output:</h2>
Rebuild target 'Target 1'
assembling Startup.s...
compiling main.c...
main.c(10): warning:  #1-D: last line of file ends without a newline
linking...
Program Size: Code=904 RO-data=16 RW-data=0 ZI-data=352  
FromELF: creating hex file...
".\vidu3.axf" - 0 Errors, 1 Warning(s).
Rebuild target 'Target 1'
assembling Startup.s...
compiling main.c...
main.c(12): warning:  #1-D: last line of file ends without a newline
linking...
Program Size: Code=904 RO-data=16 RW-data=0 ZI-data=352  
FromELF: creating hex file...
".\vidu3.axf" - 0 Errors, 1 Warning(s).
Rebuild target 'Target 1'
assembling Startup.s...
compiling main.c...
main.c(23): warning:  #1-D: last line of file ends without a newline
linking...
Program Size: Code=1736 RO-data=172 RW-data=0 ZI-data=352  
FromELF: creating hex file...
".\vidu3.axf" - 0 Errors, 1 Warning(s).
Rebuild target 'Target 1'
assembling Startup.s...
compiling main.c...
main.c(23): warning:  #1-D: last line of file ends without a newline
linking...
Program Size: Code=1736 RO-data=172 RW-data=0 ZI-data=352  
FromELF: creating hex file...
".\vidu3.axf" - 0 Errors, 1 Warning(s).
Rebuild target 'Target 1'
assembling Startup.s...
compiling main.c...
main.c(26): warning:  #1-D: last line of file ends without a newline
linking...
Program Size: Code=1736 RO-data=172 RW-data=0 ZI-data=352  
FromELF: creating hex file...
".\vidu3.axf" - 0 Errors, 1 Warning(s).
Rebuild target 'Target 1'
assembling Startup.s...
compiling main.c...
main.c(26): warning:  #1-D: last line of file ends without a newline
linking...
Program Size: Code=1736 RO-data=172 RW-data=0 ZI-data=352  
FromELF: creating hex file...
".\vidu3.axf" - 0 Errors, 1 Warning(s).
Rebuild target 'Target 1'
assembling Startup.s...
compiling main.c...
main.c(26): warning:  #1-D: last line of file ends without a newline
linking...
Program Size: Code=1736 RO-data=172 RW-data=0 ZI-data=352  
FromELF: creating hex file...
".\vidu3.axf" - 0 Errors, 1 Warning(s).
